Tests run on Fri Sep 13 17:23:37 2013

      json event
    ok: event.name() == ""
    ok: event.value() == ""
    ok: event.type() == cljp::Event::T_UNKNOWN
    ok: event.name() == "name"
    ok: event.value() == "value"
    ok: event.type() == cljp::Event::T_STRING
    ok: event.name() == ""
    ok: event.value() == ""
    ok: event.type() == cljp::Event::T_UNKNOWN
    ok: ! _CrtMemDifference( &s3, &s1, &s2 )

    Basic Parser [test-parse.cpp:55]
    ================================
      Testing outer parsing handling
    ok: h.parser.get( &h.event ) == cljp::Parser::PR_OK
    ok: h.event.type() == cljp::Event::T_OBJECT_START
    ok: h.parser.get( &h.event ) == cljp::Parser::PR_OK
    ok: h.event.type() == cljp::Event::T_ARRAY_START
    ok: h.parser.get( &h.event ) == cljp::Parser::PR_OK
    ok: h.event.type() == cljp::Event::T_ARRAY_START
    ok: h.parser.get( &h.event ) == cljp::Parser::PR_OK
    ok: h.event.type() == cljp::Event::T_ARRAY_END
    ok: h.parser.get( &h.event ) == cljp::Parser::PR_OK
    ok: h.event.type() == cljp::Event::T_ARRAY_START
    ok: h.parser.get( &h.event ) == cljp::Parser::PR_OK
    ok: h.event.type() == cljp::Event::T_ARRAY_END
    ok: h.parser.get( &h.event ) == cljp::Parser::PR_END_OF_MESSAGE
    ok: h.parser.get( &h.event ) == cljp::Parser::PR_OK
    ok: h.event.type() == cljp::Event::T_ARRAY_START
    ok: h.parser.get( &h.event ) == cljp::Parser::PR_OK
    ok: h.event.type() == cljp::Event::T_ARRAY_END
    ok: h.parser.get( &h.event ) == cljp::Parser::PR_READ_PAST_END_OF_MESSAGE
    ok: h.parser.get( &h.event ) == cljp::Parser::PR_OK
    ok: h.event.type() == cljp::Event::T_ARRAY_START
    ok: h.parser.get( &h.event ) == cljp::Parser::PR_UNEXPECTED_OBJECT_CLOSE
    ok: h.parser.get( &h.event ) == cljp::Parser::PR_OK
    ok: h.event.type() == cljp::Event::T_OBJECT_START
    ok: h.parser.get( &h.event ) == cljp::Parser::PR_UNEXPECTED_ARRAY_CLOSE
      Parser::get_in_array();
    ok: h.parser.get( &h.event ) == cljp::Parser::PR_OK
    ok: h.event.type() == cljp::Event::T_ARRAY_START
    ok: h.parser.get( &h.event ) == cljp::Parser::PR_OK
    ok: h.event.type() == cljp::Event::T_OBJECT_START
    ok: h.parser.get( &h.event ) == cljp::Parser::PR_OK
    ok: h.event.type() == cljp::Event::T_OBJECT_END
    ok: h.parser.get( &h.event ) == cljp::Parser::PR_OK
    ok: h.event.type() == cljp::Event::T_ARRAY_END
    ok: h.parser.get( &h.event ) == cljp::Parser::PR_OK
    ok: h.event.type() == cljp::Event::T_ARRAY_START
    ok: h.parser.get( &h.event ) == cljp::Parser::PR_OK
    ok: h.event.type() == cljp::Event::T_OBJECT_START
    ok: h.parser.get( &h.event ) == cljp::Parser::PR_OK
    ok: h.event.type() == cljp::Event::T_OBJECT_END
    ok: h.parser.get( &h.event ) == cljp::Parser::PR_OK
    ok: h.event.type() == cljp::Event::T_OBJECT_START
    ok: h.parser.get( &h.event ) == cljp::Parser::PR_OK
    ok: h.event.type() == cljp::Event::T_OBJECT_END
    ok: h.parser.get( &h.event ) == cljp::Parser::PR_OK
    ok: h.event.type() == cljp::Event::T_ARRAY_END
    ok: ! _CrtMemDifference( &s3, &s1, &s2 )

    class ReaderMemory [test-reader.cpp:38]
    =======================================
    ok: reader.get() == 'a'
    ok: reader.get() == 'b'
    ok: reader.get() == 'c'
    ok: reader.get() == cljp::Reader::EOM
    ok: reader.get() == cljp::Reader::EOM
    ok: reader.get() == cljp::Reader::EOM
    ok: ! _CrtMemDifference( &s3, &s1, &s2 )

    class ReaderFile [test-reader.cpp:61]
    =====================================
    ok: fout.is_open()
    ok: reader.is_open()
    ok: reader.get() == 'a'
    ok: reader.get() == 'b'
    ok: reader.get() == 'c'
    ok: reader.get() == 0x00f2
    ok: reader.get() == cljp::Reader::EOM
    ok: reader.get() == 'a'
    ok: ! _CrtMemDifference( &s3, &s1, &s2 )

    class ReadUTF8WithUnget [test-reader.cpp:88]
    ============================================
    ok: input.get() == 'a'
    ok: input.get() == 'b'
    ok: input.get() == 'f'
    ok: input.get() == 'h'
    ok: input.get() == 'g'
    ok: input.get() == 'c'
    ok: input.get() == cljp::Reader::EOM
    ok: input.get() == cljp::Reader::EOM
    ok: input.get() == cljp::Reader::EOM
    ok: input.get() == 'h'
    ok: input.get() == 'g'
    ok: input.get() == cljp::Reader::EOM
    ok: input.get() == cljp::Reader::EOM
    ok: input.get_non_ws() == 'a'
    ok: input.get_non_ws() == 'b'
    ok: input.get_non_ws() == 'c'
    ok: ! _CrtMemDifference( &s3, &s1, &s2 )

    ok: ! _CrtMemDifference( &s3, &s1, &s2 )

    ok: ! _CrtMemDifference( &s3, &s1, &s2 )

    ok: ! _CrtMemDifference( &s3, &s1, &s2 )
    ok: _CrtCheckMemory() != 0

TODOs (10):
------------------------
- Parser::get_in_object(); [test-parse.cpp:164]
- Parser::get_value(); [test-parse.cpp:165]
- class UTFConverter [test-todo.cpp:40]
- class ReadUTF8 [test-todo.cpp:45]
- ReadUTF8: test reading in UTF8 [test-todo.cpp:47]
- ReadUTF8: test reading in UTF16LE [test-todo.cpp:48]
- ReadUTF8: test reading in UTF16BE [test-todo.cpp:49]
- ReadUTF8: test reading in UTF32LE [test-todo.cpp:50]
- ReadUTF8: test reading in UTF32BE [test-todo.cpp:51]
- class SmartParser [test-todo.cpp:56]

0 error(s), 10 todo(s), 92 test(s)
